GAS LISTING /tmp/ccbtJPRJ.s 			page 1


   1               		.file	"TWI_slave.c"
   2               	__SP_H__ = 0x3e
   3               	__SP_L__ = 0x3d
   4               	__SREG__ = 0x3f
   5               	__tmp_reg__ = 0
   6               	__zero_reg__ = 1
   7               		.stabs	"/home/emil/Roberto/roberto_sim/src/uC_software/encoder/",100,0,2,.Ltext0
   8               		.stabs	"TWI_slave.c",100,0,2,.Ltext0
   9               		.text
  10               	.Ltext0:
  11               		.stabs	"gcc2_compiled.",60,0,0,0
  12               		.stabs	"int:t(0,1)=r(0,1);-32768;32767;",128,0,0,0
  13               		.stabs	"char:t(0,2)=@s8;r(0,2);0;255;",128,0,0,0
  14               		.stabs	"long int:t(0,3)=@s32;r(0,3);020000000000;017777777777;",128,0,0,0
  15               		.stabs	"unsigned int:t(0,4)=r(0,4);0;0177777;",128,0,0,0
  16               		.stabs	"long unsigned int:t(0,5)=@s32;r(0,5);0;037777777777;",128,0,0,0
  17               		.stabs	"long long int:t(0,6)=@s64;r(0,6);01000000000000000000000;0777777777777777777777;",128,0,0,
  18               		.stabs	"long long unsigned int:t(0,7)=@s64;r(0,7);0;01777777777777777777777;",128,0,0,0
  19               		.stabs	"short int:t(0,8)=r(0,8);-32768;32767;",128,0,0,0
  20               		.stabs	"short unsigned int:t(0,9)=r(0,9);0;0177777;",128,0,0,0
  21               		.stabs	"signed char:t(0,10)=@s8;r(0,10);-128;127;",128,0,0,0
  22               		.stabs	"unsigned char:t(0,11)=@s8;r(0,11);0;255;",128,0,0,0
  23               		.stabs	"float:t(0,12)=r(0,1);4;0;",128,0,0,0
  24               		.stabs	"double:t(0,13)=r(0,1);4;0;",128,0,0,0
  25               		.stabs	"long double:t(0,14)=r(0,1);4;0;",128,0,0,0
  26               		.stabs	"short _Fract:t(0,15)=r(0,1);1;0;",128,0,0,0
  27               		.stabs	"_Fract:t(0,16)=r(0,1);2;0;",128,0,0,0
  28               		.stabs	"long _Fract:t(0,17)=r(0,1);4;0;",128,0,0,0
  29               		.stabs	"long long _Fract:t(0,18)=r(0,1);8;0;",128,0,0,0
  30               		.stabs	"unsigned short _Fract:t(0,19)=r(0,1);1;0;",128,0,0,0
  31               		.stabs	"unsigned _Fract:t(0,20)=r(0,1);2;0;",128,0,0,0
  32               		.stabs	"unsigned long _Fract:t(0,21)=r(0,1);4;0;",128,0,0,0
  33               		.stabs	"unsigned long long _Fract:t(0,22)=r(0,1);8;0;",128,0,0,0
  34               		.stabs	"_Sat short _Fract:t(0,23)=r(0,1);1;0;",128,0,0,0
  35               		.stabs	"_Sat _Fract:t(0,24)=r(0,1);2;0;",128,0,0,0
  36               		.stabs	"_Sat long _Fract:t(0,25)=r(0,1);4;0;",128,0,0,0
  37               		.stabs	"_Sat long long _Fract:t(0,26)=r(0,1);8;0;",128,0,0,0
  38               		.stabs	"_Sat unsigned short _Fract:t(0,27)=r(0,1);1;0;",128,0,0,0
  39               		.stabs	"_Sat unsigned _Fract:t(0,28)=r(0,1);2;0;",128,0,0,0
  40               		.stabs	"_Sat unsigned long _Fract:t(0,29)=r(0,1);4;0;",128,0,0,0
  41               		.stabs	"_Sat unsigned long long _Fract:t(0,30)=r(0,1);8;0;",128,0,0,0
  42               		.stabs	"short _Accum:t(0,31)=r(0,1);2;0;",128,0,0,0
  43               		.stabs	"_Accum:t(0,32)=r(0,1);4;0;",128,0,0,0
  44               		.stabs	"long _Accum:t(0,33)=r(0,1);8;0;",128,0,0,0
  45               		.stabs	"long long _Accum:t(0,34)=r(0,1);8;0;",128,0,0,0
  46               		.stabs	"unsigned short _Accum:t(0,35)=r(0,1);2;0;",128,0,0,0
  47               		.stabs	"unsigned _Accum:t(0,36)=r(0,1);4;0;",128,0,0,0
  48               		.stabs	"unsigned long _Accum:t(0,37)=r(0,1);8;0;",128,0,0,0
  49               		.stabs	"unsigned long long _Accum:t(0,38)=r(0,1);8;0;",128,0,0,0
  50               		.stabs	"_Sat short _Accum:t(0,39)=r(0,1);2;0;",128,0,0,0
  51               		.stabs	"_Sat _Accum:t(0,40)=r(0,1);4;0;",128,0,0,0
  52               		.stabs	"_Sat long _Accum:t(0,41)=r(0,1);8;0;",128,0,0,0
  53               		.stabs	"_Sat long long _Accum:t(0,42)=r(0,1);8;0;",128,0,0,0
  54               		.stabs	"_Sat unsigned short _Accum:t(0,43)=r(0,1);2;0;",128,0,0,0
  55               		.stabs	"_Sat unsigned _Accum:t(0,44)=r(0,1);4;0;",128,0,0,0
  56               		.stabs	"_Sat unsigned long _Accum:t(0,45)=r(0,1);8;0;",128,0,0,0
  57               		.stabs	"_Sat unsigned long long _Accum:t(0,46)=r(0,1);8;0;",128,0,0,0
GAS LISTING /tmp/ccbtJPRJ.s 			page 2


  58               		.stabs	"void:t(0,47)=(0,47)",128,0,0,0
  59               		.stabs	"/usr/lib/avr/include/avr/io.h",130,0,0,0
  60               		.stabs	"/usr/lib/avr/include/avr/sfr_defs.h",130,0,0,0
  61               		.stabs	"/usr/lib/avr/include/inttypes.h",130,0,0,0
  62               		.stabs	"/usr/lib/gcc/avr/4.8.2/include/stdint.h",130,0,0,0
  63               		.stabs	"/usr/lib/avr/include/stdint.h",130,0,0,0
  64               		.stabs	"int8_t:t(5,1)=(0,10)",128,0,121,0
  65               		.stabs	"uint8_t:t(5,2)=(0,11)",128,0,122,0
  66               		.stabs	"int16_t:t(5,3)=(0,1)",128,0,123,0
  67               		.stabs	"uint16_t:t(5,4)=(0,4)",128,0,124,0
  68               		.stabs	"int32_t:t(5,5)=(0,3)",128,0,125,0
  69               		.stabs	"uint32_t:t(5,6)=(0,5)",128,0,126,0
  70               		.stabs	"int64_t:t(5,7)=(0,6)",128,0,128,0
  71               		.stabs	"uint64_t:t(5,8)=(0,7)",128,0,129,0
  72               		.stabs	"intptr_t:t(5,9)=(5,3)",128,0,142,0
  73               		.stabs	"uintptr_t:t(5,10)=(5,4)",128,0,147,0
  74               		.stabs	"int_least8_t:t(5,11)=(5,1)",128,0,159,0
  75               		.stabs	"uint_least8_t:t(5,12)=(5,2)",128,0,164,0
  76               		.stabs	"int_least16_t:t(5,13)=(5,3)",128,0,169,0
  77               		.stabs	"uint_least16_t:t(5,14)=(5,4)",128,0,174,0
  78               		.stabs	"int_least32_t:t(5,15)=(5,5)",128,0,179,0
  79               		.stabs	"uint_least32_t:t(5,16)=(5,6)",128,0,184,0
  80               		.stabs	"int_least64_t:t(5,17)=(5,7)",128,0,192,0
  81               		.stabs	"uint_least64_t:t(5,18)=(5,8)",128,0,199,0
  82               		.stabs	"int_fast8_t:t(5,19)=(5,1)",128,0,213,0
  83               		.stabs	"uint_fast8_t:t(5,20)=(5,2)",128,0,218,0
  84               		.stabs	"int_fast16_t:t(5,21)=(5,3)",128,0,223,0
  85               		.stabs	"uint_fast16_t:t(5,22)=(5,4)",128,0,228,0
  86               		.stabs	"int_fast32_t:t(5,23)=(5,5)",128,0,233,0
  87               		.stabs	"uint_fast32_t:t(5,24)=(5,6)",128,0,238,0
  88               		.stabs	"int_fast64_t:t(5,25)=(5,7)",128,0,246,0
  89               		.stabs	"uint_fast64_t:t(5,26)=(5,8)",128,0,253,0
  90               		.stabs	"intmax_t:t(5,27)=(5,7)",128,0,273,0
  91               		.stabs	"uintmax_t:t(5,28)=(5,8)",128,0,278,0
  92               		.stabn	162,0,0,0
  93               		.stabn	162,0,0,0
  94               		.stabs	"int_farptr_t:t(3,1)=(5,5)",128,0,77,0
  95               		.stabs	"uint_farptr_t:t(3,2)=(5,6)",128,0,81,0
  96               		.stabn	162,0,0,0
  97               		.stabn	162,0,0,0
  98               		.stabs	"/usr/lib/avr/include/avr/fuse.h",130,0,0,0
  99               		.stabs	"__fuse_t:t(6,1)=(6,2)=s3low:(0,11),0,8;high:(0,11),8,8;extended:(0,11),16,8;;",128,0,244,0
 100               		.stabn	162,0,0,0
 101               		.stabn	162,0,0,0
 102               		.stabs	"TWI_slave.h",130,0,0,0
 103               		.stabs	"TWI_statusReg:T(7,1)=u1all:(0,11),0,8;:(7,2)=s1lastTransOK:(0,11),0,1;RxDataInBuf:(0,11),1
 104               		.stabn	162,0,0,0
 105               		.stabs	"TWI_Slave_Initialise:F(0,47)",36,0,44,TWI_Slave_Initialise
 106               		.stabs	"TWI_ownAddress:P(0,11)",64,0,44,24
 107               	.global	TWI_Slave_Initialise
 108               		.type	TWI_Slave_Initialise, @function
 109               	TWI_Slave_Initialise:
 110               		.stabd	46,0,0
   1:TWI_slave.c   **** /*****************************************************************************
   2:TWI_slave.c   **** *
   3:TWI_slave.c   **** * Atmel Corporation
   4:TWI_slave.c   **** *
GAS LISTING /tmp/ccbtJPRJ.s 			page 3


   5:TWI_slave.c   **** * File              : TWI_Slave.c
   6:TWI_slave.c   **** * Compiler          : IAR EWAAVR 2.28a/3.10c
   7:TWI_slave.c   **** * Revision          : $Revision: 1.7 $
   8:TWI_slave.c   **** * Date              : $Date: Thursday, August 05, 2004 09:22:50 UTC $
   9:TWI_slave.c   **** * Updated by        : $Author: lholsen $
  10:TWI_slave.c   **** *
  11:TWI_slave.c   **** * Support mail      : avr@atmel.com
  12:TWI_slave.c   **** *
  13:TWI_slave.c   **** * Supported devices : All devices with a TWI module can be used.
  14:TWI_slave.c   **** *                     The example is written for the ATmega16
  15:TWI_slave.c   **** *
  16:TWI_slave.c   **** * AppNote           : AVR311 - TWI Slave Implementation
  17:TWI_slave.c   **** *
  18:TWI_slave.c   **** * Description       : This is sample driver to AVRs TWI module. 
  19:TWI_slave.c   **** *                     It is interupt driveren. All functionality is controlled through 
  20:TWI_slave.c   **** *                     passing information to and from functions. Se main.c for samples
  21:TWI_slave.c   **** *                     of how to use the driver.
  22:TWI_slave.c   **** *
  23:TWI_slave.c   **** ****************************************************************************/
  24:TWI_slave.c   **** 
  25:TWI_slave.c   **** #include <avr/io.h>              
  26:TWI_slave.c   **** #include <avr/interrupt.h>              
  27:TWI_slave.c   **** #include "TWI_slave.h"
  28:TWI_slave.c   ****  
  29:TWI_slave.c   **** static unsigned char TWI_buf[TWI_BUFFER_SIZE];     // Transceiver buffer. Set the size in the heade
  30:TWI_slave.c   **** static unsigned char TWI_msgSize  = 0;             // Number of bytes to be transmitted.
  31:TWI_slave.c   **** static unsigned char TWI_state    = TWI_NO_STATE;  // State byte. Default set to TWI_NO_STATE.
  32:TWI_slave.c   **** 
  33:TWI_slave.c   **** union TWI_statusReg TWI_statusReg = {0};           // TWI_statusReg is defined in TWI_Slave.h
  34:TWI_slave.c   **** 
  35:TWI_slave.c   **** /****************************************************************************
  36:TWI_slave.c   **** Call this function to set up the TWI slave to its initial standby state.
  37:TWI_slave.c   **** Remember to enable interrupts from the main application after initializing the TWI.
  38:TWI_slave.c   **** Pass both the slave address and the requrements for triggering on a general call in the
  39:TWI_slave.c   **** same byte. Use e.g. this notation when calling this function:
  40:TWI_slave.c   **** TWI_Slave_Initialise( (TWI_slaveAddress<<TWI_ADR_BITS) | (TRUE<<TWI_GEN_BIT) );
  41:TWI_slave.c   **** The TWI module is configured to NACK on any requests. Use a TWI_Start_Transceiver function to 
  42:TWI_slave.c   **** start the TWI.
  43:TWI_slave.c   **** ****************************************************************************/
  44:TWI_slave.c   **** void TWI_Slave_Initialise( unsigned char TWI_ownAddress )
  45:TWI_slave.c   **** {
 111               		.stabn	68,0,45,.LM0-.LFBB1
 112               	.LM0:
 113               	.LFBB1:
 114               	/* prologue: function */
 115               	/* frame size = 0 */
 116               	/* stack size = 0 */
 117               	.L__stack_usage = 0
  46:TWI_slave.c   ****   TWAR = TWI_ownAddress;                            // Set own TWI slave address. Accept TWI Genera
 118               		.stabn	68,0,46,.LM1-.LFBB1
 119               	.LM1:
 120 0000 8093 BA00 		sts 186,r24
  47:TWI_slave.c   ****   TWDR = 0xFF;                                      // Default content = SDA released.
 121               		.stabn	68,0,47,.LM2-.LFBB1
 122               	.LM2:
 123 0004 8FEF      		ldi r24,lo8(-1)
 124 0006 8093 BB00 		sts 187,r24
GAS LISTING /tmp/ccbtJPRJ.s 			page 4


  48:TWI_slave.c   ****   TWCR = (1<<TWEN)|                                 // Enable TWI-interface and release TWI pins.
 125               		.stabn	68,0,48,.LM3-.LFBB1
 126               	.LM3:
 127 000a 84E0      		ldi r24,lo8(4)
 128 000c 8093 BC00 		sts 188,r24
 129 0010 0895      		ret
 130               		.size	TWI_Slave_Initialise, .-TWI_Slave_Initialise
 131               	.Lscope1:
 132               		.stabs	"",36,0,0,.Lscope1-.LFBB1
 133               		.stabd	78,0,0
 134               		.stabs	"TWI_Transceiver_Busy:F(0,11)",36,0,57,TWI_Transceiver_Busy
 135               	.global	TWI_Transceiver_Busy
 136               		.type	TWI_Transceiver_Busy, @function
 137               	TWI_Transceiver_Busy:
 138               		.stabd	46,0,0
  49:TWI_slave.c   ****          (0<<TWIE)|(0<<TWINT)|                      // Disable TWI Interupt.
  50:TWI_slave.c   ****          (0<<TWEA)|(0<<TWSTA)|(0<<TWSTO)|           // Do not ACK on any requests, yet.
  51:TWI_slave.c   ****          (0<<TWWC);                                 //
  52:TWI_slave.c   **** }    
  53:TWI_slave.c   ****     
  54:TWI_slave.c   **** /****************************************************************************
  55:TWI_slave.c   **** Call this function to test if the TWI_ISR is busy transmitting.
  56:TWI_slave.c   **** ****************************************************************************/
  57:TWI_slave.c   **** unsigned char TWI_Transceiver_Busy( void )
  58:TWI_slave.c   **** {
 139               		.stabn	68,0,58,.LM4-.LFBB2
 140               	.LM4:
 141               	.LFBB2:
 142               	/* prologue: function */
 143               	/* frame size = 0 */
 144               	/* stack size = 0 */
 145               	.L__stack_usage = 0
  59:TWI_slave.c   ****   return ( TWCR & (1<<TWIE) );                  // IF TWI interrupt is enabled then the Transceiver
 146               		.stabn	68,0,59,.LM5-.LFBB2
 147               	.LM5:
 148 0012 8091 BC00 		lds r24,188
  60:TWI_slave.c   **** }
 149               		.stabn	68,0,60,.LM6-.LFBB2
 150               	.LM6:
 151 0016 8170      		andi r24,lo8(1)
 152 0018 0895      		ret
 153               		.size	TWI_Transceiver_Busy, .-TWI_Transceiver_Busy
 154               	.Lscope2:
 155               		.stabs	"",36,0,0,.Lscope2-.LFBB2
 156               		.stabd	78,0,0
 157               		.stabs	"TWI_Get_State_Info:F(0,11)",36,0,67,TWI_Get_State_Info
 158               	.global	TWI_Get_State_Info
 159               		.type	TWI_Get_State_Info, @function
 160               	TWI_Get_State_Info:
 161               		.stabd	46,0,0
  61:TWI_slave.c   **** 
  62:TWI_slave.c   **** /****************************************************************************
  63:TWI_slave.c   **** Call this function to fetch the state information of the previous operation. The function will hold
  64:TWI_slave.c   **** until the TWI_ISR has completed with the previous operation. If there was an error, then the functi
  65:TWI_slave.c   **** will return the TWI State code. 
  66:TWI_slave.c   **** ****************************************************************************/
  67:TWI_slave.c   **** unsigned char TWI_Get_State_Info( void )
GAS LISTING /tmp/ccbtJPRJ.s 			page 5


  68:TWI_slave.c   **** {
 162               		.stabn	68,0,68,.LM7-.LFBB3
 163               	.LM7:
 164               	.LFBB3:
 165               	/* prologue: function */
 166               	/* frame size = 0 */
 167               	/* stack size = 0 */
 168               	.L__stack_usage = 0
 169               	.L5:
 170               	.LBB10:
 171               	.LBB11:
  59:TWI_slave.c   ****   return ( TWCR & (1<<TWIE) );                  // IF TWI interrupt is enabled then the Transceiver
 172               		.stabn	68,0,59,.LM8-.LFBB3
 173               	.LM8:
 174 001a 8091 BC00 		lds r24,188
 175               	.LBE11:
 176               	.LBE10:
  69:TWI_slave.c   ****   while ( TWI_Transceiver_Busy() );             // Wait until TWI has completed the transmission.
 177               		.stabn	68,0,69,.LM9-.LFBB3
 178               	.LM9:
 179 001e 80FD      		sbrc r24,0
 180 0020 00C0      		rjmp .L5
  70:TWI_slave.c   ****   return ( TWI_state );                         // Return error state. 
  71:TWI_slave.c   **** }
 181               		.stabn	68,0,71,.LM10-.LFBB3
 182               	.LM10:
 183 0022 8091 0000 		lds r24,TWI_state
 184 0026 0895      		ret
 185               		.size	TWI_Get_State_Info, .-TWI_Get_State_Info
 186               	.Lscope3:
 187               		.stabs	"",36,0,0,.Lscope3-.LFBB3
 188               		.stabd	78,0,0
 189               		.stabs	"TWI_Start_Transceiver_With_Data:F(0,47)",36,0,81,TWI_Start_Transceiver_With_Data
 190               		.stabs	"msgSize:P(0,11)",64,0,81,22
 191               	.global	TWI_Start_Transceiver_With_Data
 192               		.type	TWI_Start_Transceiver_With_Data, @function
 193               	TWI_Start_Transceiver_With_Data:
 194               		.stabd	46,0,0
  72:TWI_slave.c   **** 
  73:TWI_slave.c   **** /****************************************************************************
  74:TWI_slave.c   **** Call this function to send a prepared message, or start the Transceiver for reception. Include
  75:TWI_slave.c   **** a pointer to the data to be sent if a SLA+W is received. The data will be copied to the TWI buffer.
  76:TWI_slave.c   **** Also include how many bytes that should be sent. Note that unlike the similar Master function, the
  77:TWI_slave.c   **** Address byte is not included in the message buffers.
  78:TWI_slave.c   **** The function will hold execution (loop) until the TWI_ISR has completed with the previous operation
  79:TWI_slave.c   **** then initialize the next operation and return.
  80:TWI_slave.c   **** ****************************************************************************/
  81:TWI_slave.c   **** void TWI_Start_Transceiver_With_Data( unsigned char *msg, unsigned char msgSize )
  82:TWI_slave.c   **** {
 195               		.stabn	68,0,82,.LM11-.LFBB4
 196               	.LM11:
 197               	.LFBB4:
 198               	/* prologue: function */
 199               	/* frame size = 0 */
 200               	/* stack size = 0 */
 201               	.L__stack_usage = 0
 202               	.L9:
GAS LISTING /tmp/ccbtJPRJ.s 			page 6


 203               	.LBB12:
 204               	.LBB13:
  59:TWI_slave.c   ****   return ( TWCR & (1<<TWIE) );                  // IF TWI interrupt is enabled then the Transceiver
 205               		.stabn	68,0,59,.LM12-.LFBB4
 206               	.LM12:
 207 0028 2091 BC00 		lds r18,188
 208               	.LBE13:
 209               	.LBE12:
  83:TWI_slave.c   ****   unsigned char temp;
  84:TWI_slave.c   **** 
  85:TWI_slave.c   ****   while ( TWI_Transceiver_Busy() );             // Wait until TWI is ready for next transmission.
 210               		.stabn	68,0,85,.LM13-.LFBB4
 211               	.LM13:
 212 002c 20FD      		sbrc r18,0
 213 002e 00C0      		rjmp .L9
  86:TWI_slave.c   **** 
  87:TWI_slave.c   ****   TWI_msgSize = msgSize;                        // Number of data to transmit.
 214               		.stabn	68,0,87,.LM14-.LFBB4
 215               	.LM14:
 216 0030 6093 0000 		sts TWI_msgSize,r22
 217 0034 FC01      		movw r30,r24
 218 0036 80E0      		ldi r24,lo8(TWI_buf)
 219 0038 90E0      		ldi r25,hi8(TWI_buf)
  88:TWI_slave.c   ****   for ( temp = 0; temp < msgSize; temp++ )      // Copy data that may be transmitted if the TWI Mas
 220               		.stabn	68,0,88,.LM15-.LFBB4
 221               	.LM15:
 222 003a DC01      		movw r26,r24
 223               	.L10:
 224 003c 2A2F      		mov r18,r26
 225 003e 281B      		sub r18,r24
 226               		.stabn	68,0,88,.LM16-.LFBB4
 227               	.LM16:
 228 0040 2617      		cp r18,r22
 229 0042 00F4      		brsh .L12
  89:TWI_slave.c   ****     TWI_buf[ temp ] = msg[ temp ];
 230               		.stabn	68,0,89,.LM17-.LFBB4
 231               	.LM17:
 232 0044 2191      		ld r18,Z+
 233 0046 2D93      		st X+,r18
 234 0048 00C0      		rjmp .L10
 235               	.L12:
  90:TWI_slave.c   ****   TWI_statusReg.all = 0;      
 236               		.stabn	68,0,90,.LM18-.LFBB4
 237               	.LM18:
 238 004a 1092 0000 		sts TWI_statusReg,__zero_reg__
  91:TWI_slave.c   ****   TWI_state         = TWI_NO_STATE ;
 239               		.stabn	68,0,91,.LM19-.LFBB4
 240               	.LM19:
 241 004e 88EF      		ldi r24,lo8(-8)
 242 0050 8093 0000 		sts TWI_state,r24
  92:TWI_slave.c   ****   TWCR = (1<<TWEN)|                             // TWI Interface enabled.
 243               		.stabn	68,0,92,.LM20-.LFBB4
 244               	.LM20:
 245 0054 85EC      		ldi r24,lo8(-59)
 246 0056 8093 BC00 		sts 188,r24
 247 005a 0895      		ret
 248               		.size	TWI_Start_Transceiver_With_Data, .-TWI_Start_Transceiver_With_Data
GAS LISTING /tmp/ccbtJPRJ.s 			page 7


 249               	.Lscope4:
 250               		.stabs	"",36,0,0,.Lscope4-.LFBB4
 251               		.stabd	78,0,0
 252               		.stabs	"TWI_Start_Transceiver:F(0,47)",36,0,104,TWI_Start_Transceiver
 253               	.global	TWI_Start_Transceiver
 254               		.type	TWI_Start_Transceiver, @function
 255               	TWI_Start_Transceiver:
 256               		.stabd	46,0,0
  93:TWI_slave.c   ****          (1<<TWIE)|(1<<TWINT)|                  // Enable TWI Interupt and clear the flag.
  94:TWI_slave.c   ****          (1<<TWEA)|(0<<TWSTA)|(0<<TWSTO)|       // Prepare to ACK next time the Slave is addressed.
  95:TWI_slave.c   ****          (0<<TWWC);                             //
  96:TWI_slave.c   **** }
  97:TWI_slave.c   **** 
  98:TWI_slave.c   **** /****************************************************************************
  99:TWI_slave.c   **** Call this function to start the Transceiver without specifing new transmission data. Usefull for re
 100:TWI_slave.c   **** a transmission, or just starting the transceiver for reception. The driver will reuse the data prev
 101:TWI_slave.c   **** in the transceiver buffers. The function will hold execution (loop) until the TWI_ISR has completed
 102:TWI_slave.c   **** previous operation, then initialize the next operation and return.
 103:TWI_slave.c   **** ****************************************************************************/
 104:TWI_slave.c   **** void TWI_Start_Transceiver( void )
 105:TWI_slave.c   **** {
 257               		.stabn	68,0,105,.LM21-.LFBB5
 258               	.LM21:
 259               	.LFBB5:
 260               	/* prologue: function */
 261               	/* frame size = 0 */
 262               	/* stack size = 0 */
 263               	.L__stack_usage = 0
 264               	.L15:
 265               	.LBB14:
 266               	.LBB15:
  59:TWI_slave.c   ****   return ( TWCR & (1<<TWIE) );                  // IF TWI interrupt is enabled then the Transceiver
 267               		.stabn	68,0,59,.LM22-.LFBB5
 268               	.LM22:
 269 005c 8091 BC00 		lds r24,188
 270               	.LBE15:
 271               	.LBE14:
 106:TWI_slave.c   ****   while ( TWI_Transceiver_Busy() );             // Wait until TWI is ready for next transmission.
 272               		.stabn	68,0,106,.LM23-.LFBB5
 273               	.LM23:
 274 0060 80FD      		sbrc r24,0
 275 0062 00C0      		rjmp .L15
 107:TWI_slave.c   ****   TWI_statusReg.all = 0;      
 276               		.stabn	68,0,107,.LM24-.LFBB5
 277               	.LM24:
 278 0064 1092 0000 		sts TWI_statusReg,__zero_reg__
 108:TWI_slave.c   ****   TWI_state         = TWI_NO_STATE ;
 279               		.stabn	68,0,108,.LM25-.LFBB5
 280               	.LM25:
 281 0068 88EF      		ldi r24,lo8(-8)
 282 006a 8093 0000 		sts TWI_state,r24
 109:TWI_slave.c   ****   TWCR = (1<<TWEN)|                             // TWI Interface enabled.
 283               		.stabn	68,0,109,.LM26-.LFBB5
 284               	.LM26:
 285 006e 85EC      		ldi r24,lo8(-59)
 286 0070 8093 BC00 		sts 188,r24
 287 0074 0895      		ret
GAS LISTING /tmp/ccbtJPRJ.s 			page 8


 288               		.size	TWI_Start_Transceiver, .-TWI_Start_Transceiver
 289               	.Lscope5:
 290               		.stabs	"",36,0,0,.Lscope5-.LFBB5
 291               		.stabd	78,0,0
 292               		.stabs	"TWI_Get_Data_From_Transceiver:F(0,11)",36,0,122,TWI_Get_Data_From_Transceiver
 293               		.stabs	"msgSize:P(0,11)",64,0,122,22
 294               	.global	TWI_Get_Data_From_Transceiver
 295               		.type	TWI_Get_Data_From_Transceiver, @function
 296               	TWI_Get_Data_From_Transceiver:
 297               		.stabd	46,0,0
 110:TWI_slave.c   ****          (1<<TWIE)|(1<<TWINT)|                  // Enable TWI Interupt and clear the flag.
 111:TWI_slave.c   ****          (1<<TWEA)|(0<<TWSTA)|(0<<TWSTO)|       // Prepare to ACK next time the Slave is addressed.
 112:TWI_slave.c   ****          (0<<TWWC);                             //
 113:TWI_slave.c   **** }
 114:TWI_slave.c   **** /****************************************************************************
 115:TWI_slave.c   **** Call this function to read out the received data from the TWI transceiver buffer. I.e. first call
 116:TWI_slave.c   **** TWI_Start_Transceiver to get the TWI Transceiver to fetch data. Then Run this function to collect t
 117:TWI_slave.c   **** data when they have arrived. Include a pointer to where to place the data and the number of bytes
 118:TWI_slave.c   **** to fetch in the function call. The function will hold execution (loop) until the TWI_ISR has comple
 119:TWI_slave.c   **** with the previous operation, before reading out the data and returning.
 120:TWI_slave.c   **** If there was an error in the previous transmission the function will return the TWI State code.
 121:TWI_slave.c   **** ****************************************************************************/
 122:TWI_slave.c   **** unsigned char TWI_Get_Data_From_Transceiver( unsigned char *msg, unsigned char msgSize )
 123:TWI_slave.c   **** {
 298               		.stabn	68,0,123,.LM27-.LFBB6
 299               	.LM27:
 300               	.LFBB6:
 301               	/* prologue: function */
 302               	/* frame size = 0 */
 303               	/* stack size = 0 */
 304               	.L__stack_usage = 0
 305               	.L18:
 306               	.LBB16:
 307               	.LBB17:
  59:TWI_slave.c   ****   return ( TWCR & (1<<TWIE) );                  // IF TWI interrupt is enabled then the Transceiver
 308               		.stabn	68,0,59,.LM28-.LFBB6
 309               	.LM28:
 310 0076 2091 BC00 		lds r18,188
 311               	.LBE17:
 312               	.LBE16:
 124:TWI_slave.c   ****   unsigned char i;
 125:TWI_slave.c   **** 
 126:TWI_slave.c   ****   while ( TWI_Transceiver_Busy() );             // Wait until TWI is ready for next transmission.
 313               		.stabn	68,0,126,.LM29-.LFBB6
 314               	.LM29:
 315 007a 20FD      		sbrc r18,0
 316 007c 00C0      		rjmp .L18
 127:TWI_slave.c   **** 
 128:TWI_slave.c   ****   if( TWI_statusReg.lastTransOK )               // Last transmission competed successfully.        
 317               		.stabn	68,0,128,.LM30-.LFBB6
 318               	.LM30:
 319 007e 2091 0000 		lds r18,TWI_statusReg
 320 0082 20FF      		sbrs r18,0
 321 0084 00C0      		rjmp .L19
 322 0086 20E0      		ldi r18,lo8(TWI_buf)
 323 0088 30E0      		ldi r19,hi8(TWI_buf)
 324 008a FC01      		movw r30,r24
GAS LISTING /tmp/ccbtJPRJ.s 			page 9


 325 008c D901      		movw r26,r18
 326               	.L20:
 327 008e 8A2F      		mov r24,r26
 328 0090 821B      		sub r24,r18
 129:TWI_slave.c   ****   {                                             
 130:TWI_slave.c   ****     for ( i=0; i<msgSize; i++ )                 // Copy data from Transceiver buffer.
 329               		.stabn	68,0,130,.LM31-.LFBB6
 330               	.LM31:
 331 0092 8617      		cp r24,r22
 332 0094 00F4      		brsh .L25
 131:TWI_slave.c   ****     {
 132:TWI_slave.c   ****       msg[ i ] = TWI_buf[ i ];
 333               		.stabn	68,0,132,.LM32-.LFBB6
 334               	.LM32:
 335 0096 8D91      		ld r24,X+
 336 0098 8193      		st Z+,r24
 337 009a 00C0      		rjmp .L20
 338               	.L25:
 133:TWI_slave.c   ****     }
 134:TWI_slave.c   ****     TWI_statusReg.RxDataInBuf = FALSE;          // Slave Receive data has been read from buffer.
 339               		.stabn	68,0,134,.LM33-.LFBB6
 340               	.LM33:
 341 009c 8091 0000 		lds r24,TWI_statusReg
 342 00a0 8D7F      		andi r24,lo8(~(1<<1))
 343 00a2 8093 0000 		sts TWI_statusReg,r24
 344               	.L19:
 135:TWI_slave.c   ****   }
 136:TWI_slave.c   ****   return( TWI_statusReg.lastTransOK );                                   
 345               		.stabn	68,0,136,.LM34-.LFBB6
 346               	.LM34:
 347 00a6 8091 0000 		lds r24,TWI_statusReg
 137:TWI_slave.c   **** }
 348               		.stabn	68,0,137,.LM35-.LFBB6
 349               	.LM35:
 350 00aa 8170      		andi r24,lo8(1)
 351 00ac 0895      		ret
 352               		.size	TWI_Get_Data_From_Transceiver, .-TWI_Get_Data_From_Transceiver
 353               	.Lscope6:
 354               		.stabs	"",36,0,0,.Lscope6-.LFBB6
 355               		.stabd	78,0,0
 356               		.stabs	"__vector_24:F(0,47)",36,0,145,__vector_24
 357               	.global	__vector_24
 358               		.type	__vector_24, @function
 359               	__vector_24:
 360               		.stabd	46,0,0
 138:TWI_slave.c   **** 
 139:TWI_slave.c   **** // ********** Interrupt Handlers ********** //
 140:TWI_slave.c   **** /****************************************************************************
 141:TWI_slave.c   **** This function is the Interrupt Service Routine (ISR), and called when the TWI interrupt is triggere
 142:TWI_slave.c   **** that is whenever a TWI event has occurred. This function should not be called directly from the mai
 143:TWI_slave.c   **** application.
 144:TWI_slave.c   **** ****************************************************************************/
 145:TWI_slave.c   **** ISR( TWI_vect )
 146:TWI_slave.c   **** {
 361               		.stabn	68,0,146,.LM36-.LFBB7
 362               	.LM36:
 363               	.LFBB7:
GAS LISTING /tmp/ccbtJPRJ.s 			page 10


 364 00ae 1F92      		push r1
 365 00b0 0F92      		push r0
 366 00b2 0FB6      		in r0,__SREG__
 367 00b4 0F92      		push r0
 368 00b6 1124      		clr __zero_reg__
 369 00b8 8F93      		push r24
 370 00ba 9F93      		push r25
 371 00bc EF93      		push r30
 372 00be FF93      		push r31
 373               	/* prologue: Signal */
 374               	/* frame size = 0 */
 375               	/* stack size = 7 */
 376               	.L__stack_usage = 7
 147:TWI_slave.c   ****   static unsigned char TWI_bufPtr;
 148:TWI_slave.c   ****   
 149:TWI_slave.c   ****   switch (TWSR)
 377               		.stabn	68,0,149,.LM37-.LFBB7
 378               	.LM37:
 379 00c0 8091 B900 		lds r24,185
 380 00c4 8039      		cpi r24,lo8(-112)
 381 00c6 01F0      		breq .L28
 382 00c8 00F4      		brsh .L29
 383 00ca 8037      		cpi r24,lo8(112)
 384 00cc 01F0      		breq .L30
 385 00ce 8038      		cpi r24,lo8(-128)
 386 00d0 01F0      		breq .L28
 387 00d2 8036      		cpi r24,lo8(96)
 388 00d4 01F0      		breq .L31
 389 00d6 00C0      		rjmp .L27
 390               	.L29:
 391 00d8 883A      		cpi r24,lo8(-88)
 392 00da 01F0      		breq .L32
 393 00dc 00F4      		brsh .L33
 394 00de 803A      		cpi r24,lo8(-96)
 395 00e0 01F4      		brne .+2
 396 00e2 00C0      		rjmp .L53
 397 00e4 00C0      		rjmp .L27
 398               	.L33:
 399 00e6 883B      		cpi r24,lo8(-72)
 400 00e8 01F0      		breq .L35
 401 00ea 803C      		cpi r24,lo8(-64)
 402 00ec 01F0      		breq .L36
 403 00ee 00C0      		rjmp .L27
 404               	.L32:
 150:TWI_slave.c   ****   {
 151:TWI_slave.c   ****     case TWI_STX_ADR_ACK:            // Own SLA+R has been received; ACK has been returned
 152:TWI_slave.c   **** //    case TWI_STX_ADR_ACK_M_ARB_LOST: // Arbitration lost in SLA+R/W as Master; own SLA+R has been
 153:TWI_slave.c   ****       TWI_bufPtr   = 0;                                 // Set buffer pointer to first data locatio
 405               		.stabn	68,0,153,.LM38-.LFBB7
 406               	.LM38:
 407 00f0 1092 0000 		sts TWI_bufPtr.1568,__zero_reg__
 408               	.L35:
 154:TWI_slave.c   ****     case TWI_STX_DATA_ACK:           // Data byte in TWDR has been transmitted; ACK has been receiv
 155:TWI_slave.c   ****       TWDR = TWI_buf[TWI_bufPtr++];
 409               		.stabn	68,0,155,.LM39-.LFBB7
 410               	.LM39:
 411 00f4 E091 0000 		lds r30,TWI_bufPtr.1568
GAS LISTING /tmp/ccbtJPRJ.s 			page 11


 412 00f8 81E0      		ldi r24,lo8(1)
 413 00fa 8E0F      		add r24,r30
 414 00fc 8093 0000 		sts TWI_bufPtr.1568,r24
 415 0100 F0E0      		ldi r31,0
 416 0102 E050      		subi r30,lo8(-(TWI_buf))
 417 0104 F040      		sbci r31,hi8(-(TWI_buf))
 418 0106 8081      		ld r24,Z
 419 0108 8093 BB00 		sts 187,r24
 420 010c 00C0      		rjmp .L54
 421               	.L36:
 156:TWI_slave.c   ****       TWCR = (1<<TWEN)|                                 // TWI Interface enabled
 157:TWI_slave.c   ****              (1<<TWIE)|(1<<TWINT)|                      // Enable TWI Interupt and clear the flag t
 158:TWI_slave.c   ****              (1<<TWEA)|(0<<TWSTA)|(0<<TWSTO)|           // 
 159:TWI_slave.c   ****              (0<<TWWC);                                 //  
 160:TWI_slave.c   ****       break;
 161:TWI_slave.c   ****     case TWI_STX_DATA_NACK:          // Data byte in TWDR has been transmitted; NACK has been recei
 162:TWI_slave.c   ****                                      // I.e. this could be the end of the transmission.
 163:TWI_slave.c   ****       if (TWI_bufPtr == TWI_msgSize) // Have we transceived all expected data?
 422               		.stabn	68,0,163,.LM40-.LFBB7
 423               	.LM40:
 424 010e 9091 0000 		lds r25,TWI_bufPtr.1568
 425 0112 8091 0000 		lds r24,TWI_msgSize
 426 0116 9813      		cpse r25,r24
 427 0118 00C0      		rjmp .L27
 164:TWI_slave.c   ****       {
 165:TWI_slave.c   ****         TWI_statusReg.lastTransOK = TRUE;               // Set status bits to completed successfull
 428               		.stabn	68,0,165,.LM41-.LFBB7
 429               	.LM41:
 430 011a 8091 0000 		lds r24,TWI_statusReg
 431 011e 8160      		ori r24,lo8(1<<0)
 432 0120 8093 0000 		sts TWI_statusReg,r24
 433 0124 00C0      		rjmp .L53
 434               	.L30:
 166:TWI_slave.c   ****       }else                          // Master has sent a NACK before all data where sent.
 167:TWI_slave.c   ****       {
 168:TWI_slave.c   ****         TWI_state = TWSR;                               // Store TWI State as errormessage.      
 169:TWI_slave.c   ****       }        
 170:TWI_slave.c   ****                                                         // Put TWI Transceiver in passive mode.
 171:TWI_slave.c   ****       TWCR = (1<<TWEN)|                                 // Enable TWI-interface and release TWI pin
 172:TWI_slave.c   ****              (0<<TWIE)|(0<<TWINT)|                      // Disable Interupt
 173:TWI_slave.c   ****              (0<<TWEA)|(0<<TWSTA)|(0<<TWSTO)|           // Do not acknowledge on any new requests.
 174:TWI_slave.c   ****              (0<<TWWC);                                 //
 175:TWI_slave.c   ****       break;     
 176:TWI_slave.c   ****     case TWI_SRX_GEN_ACK:            // General call address has been received; ACK has been return
 177:TWI_slave.c   **** //    case TWI_SRX_GEN_ACK_M_ARB_LOST: // Arbitration lost in SLA+R/W as Master; General call addre
 178:TWI_slave.c   ****       TWI_statusReg.genAddressCall = TRUE;
 435               		.stabn	68,0,178,.LM42-.LFBB7
 436               	.LM42:
 437 0126 8091 0000 		lds r24,TWI_statusReg
 438 012a 8460      		ori r24,lo8(1<<2)
 439 012c 8093 0000 		sts TWI_statusReg,r24
 440               	.L31:
 179:TWI_slave.c   ****     case TWI_SRX_ADR_ACK:            // Own SLA+W has been received ACK has been returned
 180:TWI_slave.c   **** //    case TWI_SRX_ADR_ACK_M_ARB_LOST: // Arbitration lost in SLA+R/W as Master; own SLA+W has been
 181:TWI_slave.c   ****                                                         // Dont need to clear TWI_S_statusRegister.
 182:TWI_slave.c   ****       TWI_statusReg.RxDataInBuf = TRUE;      
 441               		.stabn	68,0,182,.LM43-.LFBB7
GAS LISTING /tmp/ccbtJPRJ.s 			page 12


 442               	.LM43:
 443 0130 8091 0000 		lds r24,TWI_statusReg
 444 0134 8260      		ori r24,lo8(1<<1)
 445 0136 8093 0000 		sts TWI_statusReg,r24
 183:TWI_slave.c   ****       TWI_bufPtr   = 0;                                 // Set buffer pointer to first data locatio
 446               		.stabn	68,0,183,.LM44-.LFBB7
 447               	.LM44:
 448 013a 1092 0000 		sts TWI_bufPtr.1568,__zero_reg__
 449 013e 00C0      		rjmp .L54
 450               	.L28:
 184:TWI_slave.c   ****                                                         // Reset the TWI Interupt to wait for a new
 185:TWI_slave.c   ****       TWCR = (1<<TWEN)|                                 // TWI Interface enabled
 186:TWI_slave.c   ****              (1<<TWIE)|(1<<TWINT)|                      // Enable TWI Interupt and clear the flag t
 187:TWI_slave.c   ****              (1<<TWEA)|(0<<TWSTA)|(0<<TWSTO)|           // Expect ACK on this transmission
 188:TWI_slave.c   ****              (0<<TWWC);                                 //      
 189:TWI_slave.c   ****       break;
 190:TWI_slave.c   ****     case TWI_SRX_ADR_DATA_ACK:       // Previously addressed with own SLA+W; data has been received
 191:TWI_slave.c   ****     case TWI_SRX_GEN_DATA_ACK:       // Previously addressed with general call; data has been recei
 192:TWI_slave.c   ****       TWI_buf[TWI_bufPtr++]     = TWDR;
 451               		.stabn	68,0,192,.LM45-.LFBB7
 452               	.LM45:
 453 0140 E091 0000 		lds r30,TWI_bufPtr.1568
 454 0144 81E0      		ldi r24,lo8(1)
 455 0146 8E0F      		add r24,r30
 456 0148 8093 0000 		sts TWI_bufPtr.1568,r24
 457 014c 8091 BB00 		lds r24,187
 458 0150 F0E0      		ldi r31,0
 459 0152 E050      		subi r30,lo8(-(TWI_buf))
 460 0154 F040      		sbci r31,hi8(-(TWI_buf))
 461 0156 8083      		st Z,r24
 193:TWI_slave.c   ****       TWI_statusReg.lastTransOK = TRUE;                 // Set flag transmission successfull.      
 462               		.stabn	68,0,193,.LM46-.LFBB7
 463               	.LM46:
 464 0158 8091 0000 		lds r24,TWI_statusReg
 465 015c 8160      		ori r24,lo8(1<<0)
 466 015e 8093 0000 		sts TWI_statusReg,r24
 467               	.L54:
 194:TWI_slave.c   ****                                                         // Reset the TWI Interupt to wait for a new
 195:TWI_slave.c   ****       TWCR = (1<<TWEN)|                                 // TWI Interface enabled
 468               		.stabn	68,0,195,.LM47-.LFBB7
 469               	.LM47:
 470 0162 85EC      		ldi r24,lo8(-59)
 471 0164 00C0      		rjmp .L52
 472               	.L27:
 196:TWI_slave.c   ****              (1<<TWIE)|(1<<TWINT)|                      // Enable TWI Interupt and clear the flag t
 197:TWI_slave.c   ****              (1<<TWEA)|(0<<TWSTA)|(0<<TWSTO)|           // Send ACK after next reception
 198:TWI_slave.c   ****              (0<<TWWC);                                 //  
 199:TWI_slave.c   ****       break;
 200:TWI_slave.c   ****     case TWI_SRX_STOP_RESTART:       // A STOP condition or repeated START condition has been recei
 201:TWI_slave.c   ****                                                         // Put TWI Transceiver in passive mode.
 202:TWI_slave.c   ****       TWCR = (1<<TWEN)|                                 // Enable TWI-interface and release TWI pin
 203:TWI_slave.c   ****              (0<<TWIE)|(0<<TWINT)|                      // Disable Interupt
 204:TWI_slave.c   ****              (0<<TWEA)|(0<<TWSTA)|(0<<TWSTO)|           // Do not acknowledge on any new requests.
 205:TWI_slave.c   ****              (0<<TWWC);                                 //
 206:TWI_slave.c   ****       break;           
 207:TWI_slave.c   ****     case TWI_SRX_ADR_DATA_NACK:      // Previously addressed with own SLA+W; data has been received
 208:TWI_slave.c   ****     case TWI_SRX_GEN_DATA_NACK:      // Previously addressed with general call; data has been recei
GAS LISTING /tmp/ccbtJPRJ.s 			page 13


 209:TWI_slave.c   ****     case TWI_STX_DATA_ACK_LAST_BYTE: // Last data byte in TWDR has been transmitted (TWEA = “0”); A
 210:TWI_slave.c   **** //    case TWI_NO_STATE              // No relevant state information available; TWINT = “0”
 211:TWI_slave.c   ****     case TWI_BUS_ERROR:         // Bus error due to an illegal START or STOP condition
 212:TWI_slave.c   ****     default:     
 213:TWI_slave.c   ****       TWI_state = TWSR;                                 // Store TWI State as errormessage, operati
 473               		.stabn	68,0,213,.LM48-.LFBB7
 474               	.LM48:
 475 0166 8091 B900 		lds r24,185
 476 016a 8093 0000 		sts TWI_state,r24
 477               	.L53:
 214:TWI_slave.c   ****       TWCR = (1<<TWEN)|                                 // Enable TWI-interface and release TWI pin
 478               		.stabn	68,0,214,.LM49-.LFBB7
 479               	.LM49:
 480 016e 84E0      		ldi r24,lo8(4)
 481               	.L52:
 482 0170 8093 BC00 		sts 188,r24
 483               	/* epilogue start */
 215:TWI_slave.c   ****              (0<<TWIE)|(0<<TWINT)|                      // Disable Interupt
 216:TWI_slave.c   ****              (0<<TWEA)|(0<<TWSTA)|(0<<TWSTO)|           // Do not acknowledge on any new requests.
 217:TWI_slave.c   ****              (0<<TWWC);                                 //
 218:TWI_slave.c   ****   }
 219:TWI_slave.c   **** }
 484               		.stabn	68,0,219,.LM50-.LFBB7
 485               	.LM50:
 486 0174 FF91      		pop r31
 487 0176 EF91      		pop r30
 488 0178 9F91      		pop r25
 489 017a 8F91      		pop r24
 490 017c 0F90      		pop r0
 491 017e 0FBE      		out __SREG__,r0
 492 0180 0F90      		pop r0
 493 0182 1F90      		pop r1
 494 0184 1895      		reti
 495               		.size	__vector_24, .-__vector_24
 496               		.stabs	"TWI_bufPtr:V(0,11)",40,0,147,TWI_bufPtr.1568
 497               		.stabn	192,0,0,.LFBB7-.LFBB7
 498               		.stabn	224,0,0,.Lscope7-.LFBB7
 499               	.Lscope7:
 500               		.stabs	"",36,0,0,.Lscope7-.LFBB7
 501               		.stabd	78,0,0
 502               		.local	TWI_bufPtr.1568
 503               		.comm	TWI_bufPtr.1568,1,1
 504               	.global	TWI_statusReg
 505               		.section .bss
 506               		.type	TWI_statusReg, @object
 507               		.size	TWI_statusReg, 1
 508               	TWI_statusReg:
 509 0000 00        		.zero	1
 510               		.data
 511               		.type	TWI_state, @object
 512               		.size	TWI_state, 1
 513               	TWI_state:
 514 0000 F8        		.byte	-8
 515               		.local	TWI_msgSize
 516               		.comm	TWI_msgSize,1,1
 517               		.local	TWI_buf
 518               		.comm	TWI_buf,4,1
GAS LISTING /tmp/ccbtJPRJ.s 			page 14


 519               		.stabs	"TWI_buf:S(0,48)=ar(0,49)=r(0,49);0;0177777;;0;3;(0,11)",40,0,29,TWI_buf
 520               		.stabs	"TWI_msgSize:S(0,11)",38,0,30,TWI_msgSize
 521               		.stabs	"TWI_state:S(0,11)",38,0,31,TWI_state
 522               		.stabs	"TWI_statusReg:G(7,1)",32,0,33,0
 523               		.text
 524               		.stabs	"",100,0,0,.Letext0
 525               	.Letext0:
 526               		.ident	"GCC: (GNU) 4.8.2"
 527               	.global __do_copy_data
 528               	.global __do_clear_bss
GAS LISTING /tmp/ccbtJPRJ.s 			page 15


DEFINED SYMBOLS
                            *ABS*:0000000000000000 TWI_slave.c
     /tmp/ccbtJPRJ.s:2      *ABS*:000000000000003e __SP_H__
     /tmp/ccbtJPRJ.s:3      *ABS*:000000000000003d __SP_L__
     /tmp/ccbtJPRJ.s:4      *ABS*:000000000000003f __SREG__
     /tmp/ccbtJPRJ.s:5      *ABS*:0000000000000000 __tmp_reg__
     /tmp/ccbtJPRJ.s:6      *ABS*:0000000000000001 __zero_reg__
     /tmp/ccbtJPRJ.s:109    .text:0000000000000000 TWI_Slave_Initialise
     /tmp/ccbtJPRJ.s:137    .text:0000000000000012 TWI_Transceiver_Busy
     /tmp/ccbtJPRJ.s:160    .text:000000000000001a TWI_Get_State_Info
     /tmp/ccbtJPRJ.s:513    .data:0000000000000000 TWI_state
     /tmp/ccbtJPRJ.s:193    .text:0000000000000028 TWI_Start_Transceiver_With_Data
     /tmp/ccbtJPRJ.s:503    .bss:0000000000000002 TWI_msgSize
     /tmp/ccbtJPRJ.s:516    .bss:0000000000000003 TWI_buf
     /tmp/ccbtJPRJ.s:508    .bss:0000000000000000 TWI_statusReg
     /tmp/ccbtJPRJ.s:255    .text:000000000000005c TWI_Start_Transceiver
     /tmp/ccbtJPRJ.s:296    .text:0000000000000076 TWI_Get_Data_From_Transceiver
     /tmp/ccbtJPRJ.s:359    .text:00000000000000ae __vector_24
                             .bss:0000000000000001 TWI_bufPtr.1568

UNDEFINED SYMBOLS
__do_copy_data
__do_clear_bss
